2025-09-24 07:41:22,750 - INFO - Iniciando processo de transferência completa
2025-09-24 07:41:22,869 - INFO - Conexão source estabelecida com sucesso
2025-09-24 07:41:24,300 - INFO - Conexão target estabelecida com sucesso
2025-09-24 07:41:24,300 - INFO - Obtendo metadados das tabelas...
2025-09-24 07:41:24,915 - INFO - Obtendo chaves existentes no destino...
2025-09-24 07:41:27,052 - INFO - Identificando novos registros na origem...
2025-09-24 07:41:54,449 - INFO - Exemplo de registro a ser inserido:
{'Instalação': '0430114745', 'Nota': '1609774845', 'Data da nota': Timestamp('2025-09-23 00:00:00'), 'Texto das medidas': 'Vist. Padrão e Instalado Medidor e Ramal', 'Descrição': 'Alteração de Carga', 'Texto breve para o code': 'Alteração de Carga', 'Tipo de nota': 'BS', 'Tipo de nota.1': 'Outros Comerciais', 'Status do Usuário': 'EXEC', 'Fim da avaria': Timestamp('2025-09-23 00:00:00'), 'Texto do item': 'PRÓXIMO AO DEPÓSITO DO ROYAL/ VOLTA REDO', 'Criado por': '2276770', 'Nº referência': None, 'Código do dano': 'OSAC', 'Logradouro': 'AV FLORIANO', 'Hora da nota': '17:00:05', 'Número da solicitação': '0004892100', 'Início desejado': Timestamp('2025-09-24 00:00:00'), 'Hora de início desejada': '08:00:00', 'Conclusão desejada': Timestamp('2025-09-30 00:00:00'), 'Hora final desejada': '23:59:59', 'Encerram.por data': Timestamp('2025-09-23 00:00:00'), 'Hora de encerramento': '00:00:00', 'Cliente': '33237294', 'Local de instalação': '3010586485', 'Grupo de codes': None, 'Code codificação': None, 'Conjunto contratos': '06L776', 'Data de Inclusão do Registro': None, 'Desc. Cód. Codif.': None, 'Unidade de leitura': '06L77619', 'Objeto de ligação': '1010047981', 'Nome': 'RENAN DE ANDRADE', 'Sobrenome': 'BRAGA', 'Nome 1': None, 'Nível de tensão': '01', 'Tipo de instalação': None, 'Categoria de tarifa': 'B1', 'ramo de Ativid': 'X001', 'Classe / SubClasse': '1005', 'Área operacional': 'PI', 'Localização': 'L776', 'Código ABC': 'U', 'Abreviatura de rua': None, 'Nº': '115', 'Sigla edifício': None, 'Suplemento': 'CA', 'Sub-bairro': 'RETIRO', 'Município': 'VOLTA REDONDA', 'Região': 'RJ', 'TOI': None, 'Número Predial Próximo': None, 'Medidor Próximo': None, 'Tipo de Ligação': None, 'Proteção': '0', 'Observação para Atendimento Primário': None, 'Número do CONCOD': '19262948', 'GrpCódigos': 'SVC-GER', 'Tipo de medição': '0', 'Proced.adver.': 'UB', 'Referências': None, 'Empresa Executora': 'CENEGED COMPANHIA ELETROMECANI', 'Equipamento Removido': '9565475', 'Equipamento Instalado': '11341316', 'Nº de série': None, 'GrpCódigos.1': 'ZBS-SC5', 'Código de medidas': '18.0'}
2025-09-24 07:41:54,449 - INFO - Iniciando transferência de 861 registros...
2025-09-24 07:43:05,498 - INFO - Inseridos 500 registros no lote
2025-09-24 07:43:55,523 - INFO - Inseridos 361 registros no lote
2025-09-24 07:43:58,988 - INFO - 
            RESUMO FINAL:
            - Tempo total: 0:02:36.237313
            - Registros na origem: 222844
            - Registros existentes no destino: 221983
            - Novos registros identificados: 861
            - Registros inseridos com sucesso: 861
            - Total no destino após transferência: 222844
            
2025-09-24 07:43:59,245 - INFO - Conexão target fechada
2025-09-24 07:43:59,251 - INFO - Conexão source fechada
